// Jest Snapshot v1, https://goo.gl/fbAQLP

exports[`Navbar Component renders without crashing 1`] = `
<ContextProvider
  value={null}
>
  <ViewCategory
    categories={Array []}
    deleteCategory={[Function]}
    deletedCategory={Object {}}
    newCategory={Object {}}
    pageChange={[Function]}
    searchCategory={[Function]}
    store={
      Object {
        "clearActions": [Function],
        "dispatch": [Function],
        "getActions": [Function],
        "getState": [Function],
        "replaceReducer": [Function],
        "subscribe": [Function],
      }
    }
    total={0}
    viewCategory={[Function]}
  />
</ContextProvider>
`;
