// Jest Snapshot v1, https://goo.gl/fbAQLP

exports[`ResetPassword renders properly 1`] = `
<div>
  <h2>
    Register
  </h2>
  <form
    onSubmit={[Function]}
  >
    <div>
      <label
        htmlFor="email"
      >
        Email
      </label>
      <br />
      <input
        name="email"
        onChange={[Function]}
        type="email"
        value=""
      />
    </div>
    <div>
      <label
        htmlFor="password"
      >
        New Password
      </label>
      <br />
      <input
        name="new_password"
        onChange={[Function]}
        type="password"
        value=""
      />
    </div>
    <div>
      <label
        htmlFor="confirmpassword"
      >
        Confirm New Password
      </label>
      <br />
      <input
        name="confirm_new_password"
        onChange={[Function]}
        type="password"
        value=""
      />
    </div>
    <div>
      <button
        type="submit"
      >
        Reset Password
      </button>
    </div>
  </form>
  <footer>
    <p
      class="copyright text-muted small"
    >
      Copyright © Gela 2018.
    </p>
  </footer>
</div>
`;
